     Running cairo-test argent
testing argent ...
running 87 tests
test argent::tests::test_argent_account_signatures::split_signatures_length_4 ... ok (gas usage est.: 15620)
test argent::tests::test_asserts::test_assert_only_self ... ok (gas usage est.: 32200)
test argent::tests::test_asserts::test_assert_only_self_panic ... ok (gas usage est.: 32200)
test argent::tests::test_argent_account::change_guardian_only_self ... ok (gas usage est.: 546220)
test argent::tests::test_argent_account::change_guardian_backup ... ok (gas usage est.: 681360)
test argent::tests::test_asserts::assert_correct_tx_version ... ok (gas usage est.: 1200)
test argent::tests::test_argent_account::erc165_unsupported_interfaces ... ok (gas usage est.: 397440)
test argent::tests::test_argent_account_signatures::valid_no_guardian ... ok (gas usage est.: 559774)
test argent::tests::test_asserts::assert_correct_tx_version_query_version ... ok (gas usage est.: 1200)
test argent::tests::test_argent_account::change_guardian_backup_only_self ... ok (gas usage est.: 546320)
test argent::tests::test_argent_account_signatures::invalid_signature_length_without_guardian ... ok (gas usage est.: 578454)
test argent::tests::test_argent_account::initialize ... ok (gas usage est.: 517460)
test argent::tests::test_argent_account::change_owner_invalid_message ... ok (gas usage est.: 723188)
test argent::tests::test_asserts::assert_correct_tx_version_invalid_tx ... ok (gas usage est.: 1200)
test argent::tests::test_asserts::test_no_self_call_empty ... ok (gas usage est.: 8640)
test argent::tests::test_argent_account::change_guardian_to_zero ... ok (gas usage est.: 912200)
test argent::tests::test_asserts::test_no_self_call_1 ... ok (gas usage est.: 14210)
test argent::tests::test_argent_account_signatures::invalid_empty_signature_with_guardian ... ok (gas usage est.: 530194)
test argent::tests::test_asserts::test_no_self_call_2 ... ok (gas usage est.: 19780)
test argent::tests::test_argent_account::change_guardian_backup_to_zero ... ok (gas usage est.: 681360)
test argent::tests::test_argent_account::check_transaction_version_on_execute ... ok (gas usage est.: 417270)
test argent::tests::test_asserts::test_no_self_call_invalid ... ok (gas usage est.: 9540)
test argent::tests::test_asserts::test_no_self_call_invalid_2 ... ok (gas usage est.: 15110)
test argent::tests::test_argent_account::change_owner_wrong_pub_key ... ok (gas usage est.: 723188)
test argent::tests::test_multicall::execute_multicall_simple ... ok (gas usage est.: 91080)
test argent::tests::test_argent_account::change_guardian_to_zero_without_guardian_backup ... ok (gas usage est.: 681260)
test argent::tests::test_argent_account::change_invalid_guardian_backup ... ok (gas usage est.: 550520)
test argent::tests::test_argent_account::check_transaction_version_on_validate ... ok (gas usage est.: 638834)
test argent::tests::test_argent_account_signatures::valid_with_guardian ... ok (gas usage est.: 583454)
test argent::tests::test_argent_account::erc165_supported_interfaces ... ok (gas usage est.: 751040)
test argent::tests::test_argent_account::initialize_with_null_owner ... ok (gas usage est.: 200540)
test argent::tests::test_multicall::execute_multicall_at_one ... ok (gas usage est.: 477290)
test argent::tests::test_argent_account::change_guardian ... ok (gas usage est.: 676260)
test argent::tests::test_argent_account::get_version ... ok (gas usage est.: 319770)
test argent::tests::test_argent_account::change_owner_only_self ... ok (gas usage est.: 716988)
test argent::tests::test_argent_account_signatures::invalid_signature_length_with_guardian ... ok (gas usage est.: 894708)
test argent::tests::test_argent_account::getVersion ... ok (gas usage est.: 307140)
test argent::tests::test_argent_account::initialized_no_guardian_no_backup ... ok (gas usage est.: 517460)
test argent::tests::test_argent_account_signatures::split_signatures ... ok (gas usage est.: 10680)
test argent::tests::test_multisig_account::valid_initialize ... ok (gas usage est.: 828820)
test argent::tests::test_argent_account::change_owner ... ok (gas usage est.: 961368)
test argent::tests::test_argent_account_signatures::split_signatures_wrong_lenght ... ok (gas usage est.: 5240)
test argent::tests::test_argent_account::change_owner_to_zero ... ok (gas usage est.: 716188)
test argent::tests::test_multisig_remove_signers::remove_signers_last ... ok (gas usage est.: 2123130)
test argent::tests::test_argent_account::get_name ... ok (gas usage est.: 307140)
test argent::tests::test_argent_account_signatures::valid_with_guardian_backup ... ok (gas usage est.: 949034)
test argent::tests::test_multisig_account::valid_initialize_two_signers ... ok (gas usage est.: 1024530)
test argent::tests::test_multisig_account::add_signers ... ok (gas usage est.: 1154790)
test argent::tests::test_argent_account::getName ... ok (gas usage est.: 307140)
test argent::tests::test_multisig_account::invalid_threshold ... ok (gas usage est.: 172670)
test argent::tests::test_multisig_replace_signers::replace_signer_middle ... ok (gas usage est.: 2170010)
test argent::tests::test_multisig_signing::test_double_signature ... ok (gas usage est.: 1063284)
test argent::tests::test_multisig_account::add_signer_already_in_list ... ok (gas usage est.: 699320)
test argent::tests::test_multisig_remove_signers::remove_3_and_1 ... ok (gas usage est.: 2245080)
test argent::tests::test_argent_account::unsuported_supportsInterface ... ok (gas usage est.: 396040)
test argent::tests::test_argent_account_signatures::invalid_hash_1 ... ok (gas usage est.: 554774)
test argent::tests::test_multisig_remove_signers::remove_1_and_2 ... ok (gas usage est.: 2192860)
test argent::tests::test_multisig_account::change_threshold ... ok (gas usage est.: 867250)
test argent::tests::test_multisig_account::get_name ... ok (gas usage est.: 643100)
test argent::tests::test_argent_account::test_selectors ... ok (gas usage est.: 2400)
test argent::tests::test_multisig_signing::test_double_signature_order ... ok (gas usage est.: 894446)
test argent::tests::test_argent_account_signatures::invalid_hash_2 ... ok (gas usage est.: 554774)
test argent::tests::test_argent_account::supportsInterface ... ok (gas usage est.: 484040)
test argent::tests::test_multisig_replace_signers::replace_signer_end ... ok (gas usage est.: 2198620)
test argent::tests::test_multisig_account::get_version ... ok (gas usage est.: 655730)
test argent::tests::test_multisig_replace_signers::replace_invalid_signer ... ok (gas usage est.: 995320)
test argent::tests::test_multisig_remove_signers::remove_3_and_2 ... ok (gas usage est.: 2245080)
test argent::tests::test_multisig_remove_signers::remove_1_and_3 ... ok (gas usage est.: 2216470)
test argent::tests::test_multisig_remove_signers::remove_signers_invalid_threshold ... ok (gas usage est.: 913710)
test argent::tests::test_multisig_signing::test_same_owner_twice ... ok (gas usage est.: 894446)
test argent::tests::test_multisig_replace_signers::replace_already_signer ... ok (gas usage est.: 990320)
test argent::tests::test_multisig_remove_signers::remove_invalid_signers ... ok (gas usage est.: 1002170)
test argent::tests::test_multisig_signing::test_missing_owner_signature ... ok (gas usage est.: 645420)
test argent::tests::test_multisig_replace_signers::replace_signer_1 ... ok (gas usage est.: 1423820)
test argent::tests::test_argent_account_signatures::invalid_owner_without_guardian ... ok (gas usage est.: 1224442)
test argent::tests::test_multisig_signing::test_short_signature ... ok (gas usage est.: 567050)
test argent::tests::test_multisig_remove_signers::remove_signers_first ... ok (gas usage est.: 2070910)
test argent::tests::test_multisig_signing::test_signature ... ok (gas usage est.: 792416)
test argent::tests::test_multisig_remove_signers::remove_2_and_3 ... ok (gas usage est.: 2245080)
test argent::tests::test_multisig_signing::test_long_signature ... ok (gas usage est.: 519520)
test argent::tests::test_argent_account_signatures::invalid_empty_signature_without_guardian ... ok (gas usage est.: 530194)
test argent::tests::test_multisig_replace_signers::replace_signer_start ... ok (gas usage est.: 2141400)
test argent::tests::test_multisig_remove_signers::remove_signers_center ... ok (gas usage est.: 2099520)
test argent::tests::test_argent_account_signatures::invalid_owner_with_guardian ... ok (gas usage est.: 1633896)
test argent::tests::test_multisig_remove_signers::remove_2_and_1 ... ok (gas usage est.: 2221470)
test argent::tests::test_argent_account_signatures::invalid_owner_with_invalid_guardian ... ok (gas usage est.: 1987310)
test argent::tests::test_argent_account_signatures::valid_owner_with_invalid_guardian ... ok (gas usage est.: 1693896)
test result: ok. 87 passed; 0 failed; 0 ignored; 0 filtered out;

